------------------------------------------------------------
TimeQuest Timing Analyzer Summary
------------------------------------------------------------

Type  : Slow 1100mV 85C Model Setup 'clock_and_mem_clock:inst3|clock_out'
Slack : -21.045
TNS   : -22904.720

Type  : Slow 1100mV 85C Model Setup 'sc_computer_io:inst8|sc_cpu:cpu|regfile:rf|register[10][0]'
Slack : -16.707
TNS   : -82.462

Type  : Slow 1100mV 85C Model Setup 'clk'
Slack : -15.281
TNS   : -1990.579

Type  : Slow 1100mV 85C Model Hold 'clk'
Slack : -7.162
TNS   : -779.667

Type  : Slow 1100mV 85C Model Hold 'sc_computer_io:inst8|sc_cpu:cpu|regfile:rf|register[10][0]'
Slack : -6.242
TNS   : -29.628

Type  : Slow 1100mV 85C Model Hold 'clock_and_mem_clock:inst3|clock_out'
Slack : -3.133
TNS   : -533.144

Type  : Slow 1100mV 85C Model Minimum Pulse Width 'sc_computer_io:inst8|sc_cpu:cpu|regfile:rf|register[10][0]'
Slack : -4.129
TNS   : -568.013

Type  : Slow 1100mV 85C Model Minimum Pulse Width 'clock_and_mem_clock:inst3|clock_out'
Slack : -2.174
TNS   : -815.851

Type  : Slow 1100mV 85C Model Minimum Pulse Width 'clk'
Slack : -2.174
TNS   : -373.852

Type  : Slow 1100mV 0C Model Setup 'clock_and_mem_clock:inst3|clock_out'
Slack : -21.129
TNS   : -23009.994

Type  : Slow 1100mV 0C Model Setup 'sc_computer_io:inst8|sc_cpu:cpu|regfile:rf|register[10][0]'
Slack : -16.875
TNS   : -83.153

Type  : Slow 1100mV 0C Model Setup 'clk'
Slack : -15.680
TNS   : -2018.505

Type  : Slow 1100mV 0C Model Hold 'clk'
Slack : -7.008
TNS   : -760.272

Type  : Slow 1100mV 0C Model Hold 'sc_computer_io:inst8|sc_cpu:cpu|regfile:rf|register[10][0]'
Slack : -6.337
TNS   : -29.922

Type  : Slow 1100mV 0C Model Hold 'clock_and_mem_clock:inst3|clock_out'
Slack : -3.124
TNS   : -475.762

Type  : Slow 1100mV 0C Model Minimum Pulse Width 'sc_computer_io:inst8|sc_cpu:cpu|regfile:rf|register[10][0]'
Slack : -4.208
TNS   : -587.693

Type  : Slow 1100mV 0C Model Minimum Pulse Width 'clock_and_mem_clock:inst3|clock_out'
Slack : -2.174
TNS   : -820.196

Type  : Slow 1100mV 0C Model Minimum Pulse Width 'clk'
Slack : -2.174
TNS   : -391.710

Type  : Fast 1100mV 85C Model Setup 'clock_and_mem_clock:inst3|clock_out'
Slack : -13.413
TNS   : -14683.929

Type  : Fast 1100mV 85C Model Setup 'clk'
Slack : -11.138
TNS   : -1426.949

Type  : Fast 1100mV 85C Model Setup 'sc_computer_io:inst8|sc_cpu:cpu|regfile:rf|register[10][0]'
Slack : -10.911
TNS   : -53.833

Type  : Fast 1100mV 85C Model Hold 'clk'
Slack : -3.811
TNS   : -405.798

Type  : Fast 1100mV 85C Model Hold 'sc_computer_io:inst8|sc_cpu:cpu|regfile:rf|register[10][0]'
Slack : -3.698
TNS   : -17.301

Type  : Fast 1100mV 85C Model Hold 'clock_and_mem_clock:inst3|clock_out'
Slack : -1.470
TNS   : -183.497

Type  : Fast 1100mV 85C Model Minimum Pulse Width 'sc_computer_io:inst8|sc_cpu:cpu|regfile:rf|register[10][0]'
Slack : -2.372
TNS   : -254.747

Type  : Fast 1100mV 85C Model Minimum Pulse Width 'clk'
Slack : -2.174
TNS   : -413.668

Type  : Fast 1100mV 85C Model Minimum Pulse Width 'clock_and_mem_clock:inst3|clock_out'
Slack : -2.174
TNS   : -166.902

Type  : Fast 1100mV 0C Model Setup 'clock_and_mem_clock:inst3|clock_out'
Slack : -12.549
TNS   : -13767.447

Type  : Fast 1100mV 0C Model Setup 'clk'
Slack : -10.523
TNS   : -1339.234

Type  : Fast 1100mV 0C Model Setup 'sc_computer_io:inst8|sc_cpu:cpu|regfile:rf|register[10][0]'
Slack : -10.251
TNS   : -50.566

Type  : Fast 1100mV 0C Model Hold 'clk'
Slack : -3.644
TNS   : -388.592

Type  : Fast 1100mV 0C Model Hold 'sc_computer_io:inst8|sc_cpu:cpu|regfile:rf|register[10][0]'
Slack : -3.427
TNS   : -15.985

Type  : Fast 1100mV 0C Model Hold 'clock_and_mem_clock:inst3|clock_out'
Slack : -1.467
TNS   : -204.134

Type  : Fast 1100mV 0C Model Minimum Pulse Width 'clk'
Slack : -2.174
TNS   : -422.344

Type  : Fast 1100mV 0C Model Minimum Pulse Width 'clock_and_mem_clock:inst3|clock_out'
Slack : -2.174
TNS   : -166.959

Type  : Fast 1100mV 0C Model Minimum Pulse Width 'sc_computer_io:inst8|sc_cpu:cpu|regfile:rf|register[10][0]'
Slack : -2.121
TNS   : -226.858

------------------------------------------------------------
