------------------------------------------------------------
TimeQuest Timing Analyzer Summary
------------------------------------------------------------

Type  : Slow 1100mV 85C Model Setup 'clk'
Slack : -5.395
TNS   : -858.237

Type  : Slow 1100mV 85C Model Hold 'clk'
Slack : 0.378
TNS   : 0.000

Type  : Slow 1100mV 85C Model Minimum Pulse Width 'clk'
Slack : -0.394
TNS   : -94.111

Type  : Slow 1100mV 0C Model Setup 'clk'
Slack : -5.482
TNS   : -865.455

Type  : Slow 1100mV 0C Model Hold 'clk'
Slack : 0.391
TNS   : 0.000

Type  : Slow 1100mV 0C Model Minimum Pulse Width 'clk'
Slack : -0.394
TNS   : -102.354

Type  : Fast 1100mV 85C Model Setup 'clk'
Slack : -2.461
TNS   : -386.435

Type  : Fast 1100mV 85C Model Hold 'clk'
Slack : 0.181
TNS   : 0.000

Type  : Fast 1100mV 85C Model Minimum Pulse Width 'clk'
Slack : -0.091
TNS   : -15.499

Type  : Fast 1100mV 0C Model Setup 'clk'
Slack : -2.261
TNS   : -352.106

Type  : Fast 1100mV 0C Model Hold 'clk'
Slack : 0.174
TNS   : 0.000

Type  : Fast 1100mV 0C Model Minimum Pulse Width 'clk'
Slack : -0.088
TNS   : -15.258

------------------------------------------------------------
